[    0.000000] Initializing cgroup subsys cpuset
[    0.000000] Initializing cgroup subsys cpu
[    0.000000] Initializing cgroup subsys cpuacct
[    0.000000] Linux version 4.4.0-210-generic (buildd@lgw01-amd64-009) (gcc version 5.4.0 20160609 (Ubuntu 5.4.0-6ubuntu1~16.04.12) ) #242-Ubuntu SMP Fri Apr 16 09:57:56 UTC 2021 (Ubuntu 4.4.0-210.242-generic 4.4.262)
[    0.000000] Command line: BOOT_IMAGE=/boot/vmlinuz-4.4.0-210-generic root=LABEL=cloudimg-rootfs ro console=tty1 console=ttyS0
[    0.000000] KERNEL supported cpus:
[    0.000000]   Intel GenuineIntel
[    0.000000]   AMD AuthenticAMD
[    0.000000]   Centaur CentaurHauls
[    0.000000] x86/fpu: Legacy x87 FPU detected.
[    0.000000] e820: BIOS-provided physical RAM map:
[    0.000000] BIOS-e820: [mem 0x0000000000000000-0x000000000009fbff] usable
[    0.000000] BIOS-e820: [mem 0x000000000009fc00-0x000000000009ffff] reserved
[    0.000000] BIOS-e820: [mem 0x00000000000f0000-0x00000000000fffff] reserved
[    0.000000] BIOS-e820: [mem 0x0000000000100000-0x000000003ffeffff] usable
[    0.000000] BIOS-e820: [mem 0x000000003fff0000-0x000000003fffffff] ACPI data
[    0.000000] BIOS-e820: [mem 0x00000000fec00000-0x00000000fec00fff] reserved
[    0.000000] BIOS-e820: [mem 0x00000000fee00000-0x00000000fee00fff] reserved
[    0.000000] BIOS-e820: [mem 0x00000000fffc0000-0x00000000ffffffff] reserved
[    0.000000] NX (Execute Disable) protection: active
[    0.000000] SMBIOS 2.5 present.
[    0.000000] Hypervisor detected: KVM
[    0.000000] e820: last_pfn = 0x3fff0 max_arch_pfn = 0x400000000
[    0.000000] MTRR: Disabled
[    0.000000] x86/PAT: MTRRs disabled, skipping PAT initialization too.
[    0.000000] CPU MTRRs all blank - virtualized system.
[    0.000000] x86/PAT: Configuration [0-7]: WB  WT  UC- UC  WB  WT  UC- UC  
[    0.000000] found SMP MP-table at [mem 0x0009fff0-0x0009ffff] mapped at [ffff88000009fff0]
[    0.000000] Scanning 1 areas for low memory corruption
[    0.000000] RAMDISK: [mem 0x362dc000-0x37165fff]
[    0.000000] ACPI: Early table checksum verification disabled
[    0.000000] ACPI: RSDP 0x00000000000E0000 000024 (v02 VBOX  )
[    0.000000] ACPI: XSDT 0x000000003FFF0030 00003C (v01 VBOX   VBOXXSDT 00000001 ASL  00000061)
[    0.000000] ACPI: FACP 0x000000003FFF00F0 0000F4 (v04 VBOX   VBOXFACP 00000001 ASL  00000061)
[    0.000000] ACPI: DSDT 0x000000003FFF0610 002353 (v02 VBOX   VBOXBIOS 00000002 INTL 20100528)
[    0.000000] ACPI: FACS 0x000000003FFF0200 000040
[    0.000000] ACPI: FACS 0x000000003FFF0200 000040
[    0.000000] ACPI: APIC 0x000000003FFF0240 000054 (v02 VBOX   VBOXAPIC 00000001 ASL  00000061)
[    0.000000] ACPI: SSDT 0x000000003FFF02A0 00036C (v01 VBOX   VBOXCPUT 00000002 INTL 20100528)
[    0.000000] No NUMA configuration found
[    0.000000] Faking a node at [mem 0x0000000000000000-0x000000003ffeffff]
[    0.000000] NODE_DATA(0) allocated [mem 0x3ffeb000-0x3ffeffff]
[    0.000000] kvm-clock: Using msrs 4b564d01 and 4b564d00
[    0.000000] kvm-clock: cpu 0, msr 0:3ffe3001, primary cpu clock
[    0.000000] kvm-clock: using sched offset of 4008261437 cycles
[    0.000000] clocksource: kvm-clock: mask: 0xffffffffffffffff max_cycles: 0x1cd42e4dffb, max_idle_ns: 881590591483 ns
[    0.000000] Zone ranges:
[    0.000000]   DMA      [mem 0x0000000000001000-0x0000000000ffffff]
[    0.000000]   DMA32    [mem 0x0000000001000000-0x000000003ffeffff]
[    0.000000]   Normal   empty
[    0.000000]   Device   empty
[    0.000000] Movable zone start for each node
[    0.000000] Early memory node ranges
[    0.000000]   node   0: [mem 0x0000000000001000-0x000000000009efff]
[    0.000000]   node   0: [mem 0x0000000000100000-0x000000003ffeffff]
[    0.000000] Initmem setup node 0 [mem 0x0000000000001000-0x000000003ffeffff]
[    0.000000] ACPI: PM-Timer IO Port: 0x4008
[    0.000000] IOAPIC[0]: apic_id 1, version 32, address 0xfec00000, GSI 0-23
[    0.000000] ACPI: INT_SRC_OVR (bus 0 bus_irq 0 global_irq 2 dfl dfl)
[    0.000000] ACPI: INT_SRC_OVR (bus 0 bus_irq 9 global_irq 9 low level)
[    0.000000] Using ACPI (MADT) for SMP configuration information
[    0.000000] smpboot: Allowing 1 CPUs, 0 hotplug CPUs
[    0.000000] PM: Registered nosave memory: [mem 0x00000000-0x00000fff]
[    0.000000] PM: Registered nosave memory: [mem 0x0009f000-0x0009ffff]
[    0.000000] PM: Registered nosave memory: [mem 0x000a0000-0x000effff]
[    0.000000] PM: Registered nosave memory: [mem 0x000f0000-0x000fffff]
[    0.000000] e820: [mem 0x40000000-0xfebfffff] available for PCI devices
[    0.000000] Booting paravirtualized kernel on KVM
[    0.000000] clocksource: refined-jiffies: mask: 0xffffffff max_cycles: 0xffffffff, max_idle_ns: 7645519600211568 ns
[    0.000000] setup_percpu: NR_CPUS:512 nr_cpumask_bits:512 nr_cpu_ids:1 nr_node_ids:1
[    0.000000] PERCPU: Embedded 33 pages/cpu @ffff88003fc00000 s95192 r8192 d31784 u2097152
[    0.000000] Built 1 zonelists in Node order, mobility grouping on.  Total pages: 257912
[    0.000000] Policy zone: DMA32
[    0.000000] Kernel command line: BOOT_IMAGE=/boot/vmlinuz-4.4.0-210-generic root=LABEL=cloudimg-rootfs ro console=tty1 console=ttyS0
[    0.000000] PID hash table entries: 4096 (order: 3, 32768 bytes)
[    0.000000] Memory: 997924K/1048120K available (8644K kernel code, 1332K rwdata, 4044K rodata, 1492K init, 1164K bss, 50196K reserved, 0K cma-reserved)
[    0.000000] SLUB: HWalign=64, Order=0-3, MinObjects=0, CPUs=1, Nodes=1
[    0.000000] Kernel/User page tables isolation: enabled
[    0.000000] Hierarchical RCU implementation.
[    0.000000] 	Build-time adjustment of leaf fanout to 64.
[    0.000000] 	RCU restricting CPUs from NR_CPUS=512 to nr_cpu_ids=1.
[    0.000000] RCU: Adjusting geometry for rcu_fanout_leaf=64, nr_cpu_ids=1
[    0.000000] NR_IRQS:33024 nr_irqs:256 16
[    0.000000] Console: colour VGA+ 80x25
[    0.000000] console [tty1] enabled
[    0.000000] console [ttyS0] enabled
[    0.000000] tsc: Detected 2304.000 MHz processor
[    1.035101] Calibrating delay loop (skipped) preset value.. 4608.00 BogoMIPS (lpj=9216000)
[    1.057669] pid_max: default: 32768 minimum: 301
[    1.066206] ACPI: Core revision 20150930
[    1.076541] ACPI: 2 ACPI AML tables successfully acquired and loaded
[    1.095494] Security Framework initialized
[    1.105732] Yama: becoming mindful.
[    1.112576] AppArmor: AppArmor initialized
[    1.128004] Dentry cache hash table entries: 131072 (order: 8, 1048576 bytes)
[    1.155786] Inode-cache hash table entries: 65536 (order: 7, 524288 bytes)
[    1.186599] Mount-cache hash table entries: 2048 (order: 2, 16384 bytes)
[    1.205859] Mountpoint-cache hash table entries: 2048 (order: 2, 16384 bytes)
[    1.222330] Initializing cgroup subsys io
[    1.233802] Initializing cgroup subsys memory
[    1.245871] Initializing cgroup subsys devices
[    1.253844] Initializing cgroup subsys freezer
[    1.266542] Initializing cgroup subsys net_cls
[    1.279741] Initializing cgroup subsys perf_event
[    1.294400] Initializing cgroup subsys net_prio
[    1.303828] Initializing cgroup subsys hugetlb
[    1.315428] Initializing cgroup subsys pids
[    1.349877] mce: CPU supports 0 MCE banks
[    1.362830] Last level iTLB entries: 4KB 128, 2MB 8, 4MB 8
[    1.379071] Last level dTLB entries: 4KB 64, 2MB 0, 4MB 0, 1GB 4
[    1.397657] Spectre V1 : Mitigation: usercopy/swapgs barriers and __user pointer sanitization
[    1.418904] Spectre V2 : Mitigation: Full generic retpoline
[    1.433787] Spectre V2 : Spectre v2 / SpectreRSB mitigation: Filling RSB on context switch
[    1.453585] Speculative Store Bypass: Vulnerable
[    1.462803] SRBDS: Unknown: Dependent on hypervisor status
[    1.477754] MDS: Mitigation: Clear CPU buffers
[    2.081096] Freeing SMP alternatives memory: 36K
[    2.353435] ftrace: allocating 32380 entries in 127 pages
[    4.013063] smpboot: APIC(0) Converting physical 0 to logical package 0
[    4.032957] smpboot: Max logical packages: 1
[    4.067270] ..TIMER: vector=0x30 apic1=0 pin1=2 apic2=-1 pin2=-1
[    4.189809] smpboot: CPU0: Intel(R) Core(TM) i5-6300HQ CPU @ 2.30GHz (family: 0x6, model: 0x5e, stepping: 0x3)
[    4.210652] Performance Events: unsupported p6 CPU model 94 no PMU driver, software events only.
[    4.451497] KVM setup paravirtual spinlock
[    4.460742] x86: Booted up 1 node, 1 CPUs
[    4.468462] smpboot: Total of 1 processors activated (4608.00 BogoMIPS)
[    4.483927] devtmpfs: initialized
[    4.494029] evm: security.selinux
[    4.501656] evm: security.SMACK64
[    4.511327] evm: security.SMACK64EXEC
[    4.523148] evm: security.SMACK64TRANSMUTE
[    4.542865] evm: security.SMACK64MMAP
[    4.552864] evm: security.ima
[    4.562185] evm: security.capability
[    4.577414] clocksource: jiffies: mask: 0xffffffff max_cycles: 0xffffffff, max_idle_ns: 7645041785100000 ns
[    4.597635] futex hash table entries: 256 (order: 2, 16384 bytes)
[    4.621016] pinctrl core: initialized pinctrl subsystem
[    4.632870] RTC time: 17:35:39, date: 05/20/24
[    4.641373] NET: Registered protocol family 16
[    4.652283] cpuidle: using governor ladder
[    4.660702] cpuidle: using governor menu
[    4.667617] PCCT header not found.
[    4.674462] ACPI: bus type PCI registered
[    4.680544] acpiphp: ACPI Hot Plug PCI Controller Driver version: 0.5
[    4.692850] PCI: Using configuration type 1 for base access
[    4.708402] ACPI: Added _OSI(Module Device)
[    4.718683] ACPI: Added _OSI(Processor Device)
[    4.726107] ACPI: Added _OSI(3.0 _SCP Extensions)
[    4.740221] ACPI: Added _OSI(Processor Aggregator Device)
[    4.750289] ACPI: Executed 1 blocks of module-level executable AML code
[    4.767506] ACPI: Interpreter enabled
[    4.775550] ACPI: (supports S0 S5)
[    4.781423] ACPI: Using IOAPIC for interrupt routing
[    4.791157] PCI: Using host bridge windows from ACPI; if necessary, use "pci=nocrs" and report a bug
[    4.818833] ACPI: PCI Root Bridge [PCI0] (domain 0000 [bus 00-ff])
[    4.832254] acpi PNP0A03:00: _OSC: OS supports [ASPM ClockPM Segments MSI]
[    4.849000] acpi PNP0A03:00: _OSC: not requesting OS control; OS requires [ExtendedConfig ASPM ClockPM MSI]
[    4.865825] acpi PNP0A03:00: fail to add MMCONFIG information, can't access extended PCI configuration space under this bridge.
[    4.886192] PCI host bridge to bus 0000:00
[    4.893961] pci_bus 0000:00: root bus resource [io  0x0000-0x0cf7 window]
[    4.906002] pci_bus 0000:00: root bus resource [io  0x0d00-0xffff window]
[    4.916020] pci_bus 0000:00: root bus resource [mem 0x000a0000-0x000bffff window]
[    4.930124] pci_bus 0000:00: root bus resource [mem 0x40000000-0xfdffffff window]
[    4.942937] pci_bus 0000:00: root bus resource [bus 00-ff]
[    4.966260] pci 0000:00:01.1: legacy IDE quirk: reg 0x10: [io  0x01f0-0x01f7]
[    4.981646] pci 0000:00:01.1: legacy IDE quirk: reg 0x14: [io  0x03f6]
[    4.992142] pci 0000:00:01.1: legacy IDE quirk: reg 0x18: [io  0x0170-0x0177]
[    5.007704] pci 0000:00:01.1: legacy IDE quirk: reg 0x1c: [io  0x0376]
[    5.071071] pci 0000:00:07.0: quirk: [io  0x4000-0x403f] claimed by PIIX4 ACPI
[    5.087091] pci 0000:00:07.0: quirk: [io  0x4100-0x410f] claimed by PIIX4 SMB
[    5.123358] ACPI: PCI Interrupt Link [LNKA] (IRQs 5 9 10 *11)
[    5.142986] ACPI: PCI Interrupt Link [LNKB] (IRQs 5 9 *10 11)
[    5.158160] ACPI: PCI Interrupt Link [LNKC] (IRQs 5 *9 10 11)
[    5.172785] ACPI: PCI Interrupt Link [LNKD] (IRQs 5 9 10 *11)
[    5.184715] ACPI: Enabled 2 GPEs in block 00 to 07
[    5.193663] vgaarb: setting as boot device: PCI:0000:00:02.0
[    5.235040] vgaarb: device added: PCI:0000:00:02.0,decodes=io+mem,owns=io+mem,locks=none
[    5.248100] vgaarb: loaded
[    5.252429] vgaarb: bridge control possible 0000:00:02.0
[    5.261159] SCSI subsystem initialized
[    5.266816] ACPI: bus type USB registered
[    5.273983] usbcore: registered new interface driver usbfs
[    5.281952] usbcore: registered new interface driver hub
[    5.289690] usbcore: registered new device driver usb
[    5.298294] PCI: Using ACPI for IRQ routing
[    5.306766] NetLabel: Initializing
[    5.312023] NetLabel:  domain hash size = 128
[    5.318769] NetLabel:  protocols = UNLABELED CIPSOv4
[    5.326906] NetLabel:  unlabeled traffic allowed by default
[    5.337546] amd_nb: Cannot enumerate AMD northbridges
[    5.347440] clocksource: Switched to clocksource kvm-clock
[    5.409659] AppArmor: AppArmor Filesystem Enabled
[    5.419859] pnp: PnP ACPI init
[    5.428169] pnp: PnP ACPI: found 3 devices
[    5.445118] clocksource: acpi_pm: mask: 0xffffff max_cycles: 0xffffff, max_idle_ns: 2085701024 ns
[    5.459200] NET: Registered protocol family 2
[    5.467464] TCP established hash table entries: 8192 (order: 4, 65536 bytes)
[    5.479092] TCP bind hash table entries: 8192 (order: 5, 131072 bytes)
[    5.490664] TCP: Hash tables configured (established 8192 bind 8192)
[    5.503286] UDP hash table entries: 512 (order: 2, 16384 bytes)
[    5.513086] UDP-Lite hash table entries: 512 (order: 2, 16384 bytes)
[    5.523417] NET: Registered protocol family 1
[    5.531709] pci 0000:00:00.0: Limiting direct PCI/PCI transfers
[    5.546383] pci 0000:00:01.0: Activating ISA DMA hang workarounds
[    5.556330] Unpacking initramfs...
[    6.161936] Freeing initrd memory: 14888K
[    6.171891] clocksource: tsc: mask: 0xffffffffffffffff max_cycles: 0x2135f7c97c8, max_idle_ns: 440795273205 ns
[    6.188866] platform rtc_cmos: registered platform RTC device (no PNP device found)
[    6.203146] Scanning for low memory corruption every 60 seconds
[    6.215841] audit: initializing netlink subsys (disabled)
[    6.227967] audit: type=2000 audit(1716226543.773:1): initialized
[    6.239287] Initialise system trusted keyring
[    6.248204] HugeTLB registered 2 MB page size, pre-allocated 0 pages
[    6.264240] zbud: loaded
[    6.270770] VFS: Disk quotas dquot_6.6.0
[    6.278813] VFS: Dquot-cache hash table entries: 512 (order 0, 4096 bytes)
[    6.292773] squashfs: version 4.0 (2009/01/31) Phillip Lougher
[    6.309666] fuse init (API version 7.23)
[    6.316625] Key type big_key registered
[    6.323182] Allocating IMA MOK and blacklist keyrings.
[    6.335040] Key type asymmetric registered
[    6.342815] Asymmetric key parser 'x509' registered
[    6.353610] Block layer SCSI generic (bsg) driver version 0.4 loaded (major 249)
[    6.374091] io scheduler noop registered
[    6.380835] io scheduler deadline registered (default)
[    6.389659] io scheduler cfq registered
[    6.398523] pci_hotplug: PCI Hot Plug PCI Core version: 0.5
[    6.408479] pciehp: PCI Express Hot Plug Controller Driver version: 0.4
[    6.419458] ACPI: AC Adapter [AC] (on-line)
[    6.426264] input: Power Button as /devices/LNXSYSTM:00/LNXPWRBN:00/input/input0
[    6.440297] ACPI: Power Button [PWRF]
[    6.447417] input: Sleep Button as /devices/LNXSYSTM:00/LNXSLPBN:00/input/input1
[    6.460091] ACPI: Sleep Button [SLPF]
[    6.469928] ACPI: Battery Slot [BAT0] (battery present)
[    6.479362] GHES: HEST is not enabled!
[    6.485949] Serial: 8250/16550 driver, 32 ports, IRQ sharing enabled
[    6.537141] 00:02: ttyS0 at I/O 0x3f8 (irq = 4, base_baud = 115200) is a 16550A
[    6.550250] Linux agpgart interface v0.103
[    6.563679] loop: module loaded
[    6.572599] scsi host0: ata_piix
[    6.577868] scsi host1: ata_piix
[    6.582718] ata1: PATA max UDMA/33 cmd 0x1f0 ctl 0x3f6 bmdma 0xd000 irq 14
[    6.593159] ata2: PATA max UDMA/33 cmd 0x170 ctl 0x376 bmdma 0xd008 irq 15
[    6.607120] libphy: Fixed MDIO Bus: probed
[    6.613342] tun: Universal TUN/TAP device driver, 1.6
[    6.621919] tun: (C) 1999-2004 Max Krasnyansky <maxk@qualcomm.com>
[    6.632384] PPP generic driver version 2.4.2
[    6.640495] ehci_hcd: USB 2.0 'Enhanced' Host Controller (EHCI) Driver
[    6.651591] ehci-pci: EHCI PCI platform driver
[    6.658289] ehci-platform: EHCI generic platform driver
[    6.665874] ohci_hcd: USB 1.1 'Open' Host Controller (OHCI) Driver
[    6.677129] ohci-pci: OHCI PCI platform driver
[    6.683888] ohci-platform: OHCI generic platform driver
[    6.691366] uhci_hcd: USB Universal Host Controller Interface driver
[    6.701250] i8042: PNP: PS/2 Controller [PNP0303:PS2K,PNP0f03:PS2M] at 0x60,0x64 irq 1,12
[    6.720193] serio: i8042 KBD port at 0x60,0x64 irq 1
[    6.727622] serio: i8042 AUX port at 0x60,0x64 irq 12
[    6.737873] mousedev: PS/2 mouse device common for all mice
[    6.748547] input: AT Translated Set 2 keyboard as /devices/platform/i8042/serio0/input/input2
[    6.845911] rtc_cmos rtc_cmos: rtc core: registered rtc_cmos as rtc0
[    6.855987] rtc_cmos rtc_cmos: alarms up to one day, 114 bytes nvram
[    6.867093] i2c /dev entries driver
[    6.873607] device-mapper: uevent: version 1.0.3
[    6.880218] device-mapper: ioctl: 4.34.0-ioctl (2015-10-28) initialised: dm-devel@redhat.com
[    6.893653] ledtrig-cpu: registered to indicate activity on CPUs
[    6.903220] NET: Registered protocol family 10
[    6.911861] NET: Registered protocol family 17
[    6.918399] Key type dns_resolver registered
[    6.925210] registered taskstats version 1
[    6.931960] Loading compiled-in X.509 certificates
[    6.940195] Loaded X.509 cert 'Build time autogenerated kernel key: cf00e047681d67edb2720680708b7d9498083038'
[    6.954748] zswap: loaded using pool lzo/zbud
[    6.964362] Key type trusted registered
[    6.977112] Key type encrypted registered
[    6.983464] AppArmor: AppArmor sha1 policy hashing enabled
[    6.992673] ima: No TPM chip found, activating TPM-bypass!
[    7.001301] ima: Allocated hash algorithm: sha1
[    7.008168] evm: HMAC attrs: 0x1
[    7.014703]   Magic number: 8:330:593
[    7.021017] rtc_cmos rtc_cmos: setting system clock to 2024-05-20 17:35:42 UTC (1716226542)
[    7.035330] BIOS EDD facility v0.16 2004-Jun-25, 0 devices found
[    7.045228] EDD information not available.
[    7.057253] Freeing unused kernel memory: 1492K
[    7.065530] Write protecting the kernel read-only data: 14336k
[    7.076747] Freeing unused kernel memory: 1584K
[    7.084044] Freeing unused kernel memory: 52K
Loading, please wait...
starting version 229
[    7.126631] random: udevadm: uninitialized urandom read (16 bytes read, 11 bits of entropy available)
[    7.155978] random: systemd-udevd: uninitialized urandom read (16 bytes read, 11 bits of entropy available)
[    7.183831] random: systemd-udevd: uninitialized urandom read (16 bytes read, 11 bits of entropy available)
[    7.209904] random: udevadm: uninitialized urandom read (16 bytes read, 11 bits of entropy available)
[    7.232307] random: systemd-udevd: uninitialized urandom read (16 bytes read, 11 bits of entropy available)
[    7.288556] random: systemd-udevd: uninitialized urandom read (16 bytes read, 11 bits of entropy available)
[    7.312824] random: udevadm: uninitialized urandom read (16 bytes read, 11 bits of entropy available)
[    7.331460] random: systemd-udevd: uninitialized urandom read (16 bytes read, 11 bits of entropy available)
[    7.348556] random: udevadm: uninitialized urandom read (16 bytes read, 11 bits of entropy available)
[    7.367408] random: systemd-udevd: uninitialized urandom read (16 bytes read, 11 bits of entropy available)
[    7.604472] Fusion MPT base driver 3.04.20
[    7.612394] Copyright (c) 1999-2008 LSI Corporation
[    7.642853] e1000: Intel(R) PRO/1000 Network Driver - version 7.3.21-k8-NAPI
[    7.655580] e1000: Copyright (c) 1999-2006 Intel Corporation.
[    7.753696] SSE version of gcm_enc/dec engaged.
[    7.814663] Fusion MPT SPI Host driver 3.04.20
[    8.031832] input: ImExPS/2 Generic Explorer Mouse as /devices/platform/i8042/serio1/input/input4
[    9.097470] e1000 0000:00:03.0 eth0: (PCI:33MHz:32-bit) 02:be:82:6b:cc:1d
[    9.110623] e1000 0000:00:03.0 eth0: Intel(R) PRO/1000 Network Connection
[    9.125738] mptbase: ioc0: Initiating bringup
[    9.214941] ioc0: LSI53C1030 A0: Capabilities={Initiator}
[    9.415939] scsi host2: ioc0: LSI53C1030 A0, FwRev=00000000h, Ports=1, MaxQ=256, IRQ=20
[    9.548349] scsi 2:0:0:0: Direct-Access     VBOX     HARDDISK         1.0  PQ: 0 ANSI: 5
[    9.562086] scsi target2:0:0: Beginning Domain Validation
[    9.580876] scsi target2:0:0: Domain Validation skipping write tests
[    9.591226] scsi target2:0:0: Ending Domain Validation
[    9.626622] scsi target2:0:0: asynchronous
[    9.662184] scsi 2:0:1:0: Direct-Access     VBOX     HARDDISK         1.0  PQ: 0 ANSI: 5
[    9.686540] scsi target2:0:1: Beginning Domain Validation
[    9.727983] scsi target2:0:1: Domain Validation skipping write tests
[    9.741119] scsi target2:0:1: Ending Domain Validation
[    9.775051] scsi target2:0:1: asynchronous
[    9.990276] sd 2:0:0:0: Attached scsi generic sg0 type 0
[    9.998905] sd 2:0:0:0: [sda] 83886080 512-byte logical blocks: (42.9 GB/40.0 GiB)
[   10.010690] sd 2:0:1:0: [sdb] 20480 512-byte logical blocks: (10.5 MB/10.0 MiB)
[   10.022826] sd 2:0:1:0: Attached scsi generic sg1 type 0
[   10.045639] sd 2:0:0:0: [sda] Write Protect is off
[   10.054547] sd 2:0:1:0: [sdb] Write Protect is off
[   10.076701] sd 2:0:0:0: [sda] Incomplete mode parameter data
[   10.086029] sd 2:0:0:0: [sda] Assuming drive cache: write through
[   10.097214] sd 2:0:1:0: [sdb] Incomplete mode parameter data
[   10.112609] sd 2:0:1:0: [sdb] Assuming drive cache: write through
[   10.160108]  sda: sda1
[   10.199463] sd 2:0:1:0: [sdb] Attached SCSI disk
[   10.214271] sd 2:0:0:0: [sda] Attached SCSI disk
[   10.944498] e1000 0000:00:08.0 eth1: (PCI:33MHz:32-bit) 08:00:27:33:ee:df
[   10.955063] e1000 0000:00:08.0 eth1: Intel(R) PRO/1000 Network Connection
[   10.971049] e1000 0000:00:08.0 enp0s8: renamed from eth1
[   10.981649] e1000 0000:00:03.0 enp0s3: renamed from eth0
Begin: Loading essential drivers ... [   13.146320] md: linear personality registered for level -1
[   13.162023] md: multipath personality registered for level -4
[   13.180465] md: raid0 personality registered for level 0
[   13.210059] md: raid1 personality registered for level 1
[   13.300579] raid6: sse2x1   gen()  6179 MB/s
[   13.383794] raid6: sse2x1   xor()  4282 MB/s
[   13.467816] raid6: sse2x2   gen()  7250 MB/s
[   13.551588] raid6: sse2x2   xor()  5312 MB/s
[   13.623698] raid6: sse2x4   gen()  8691 MB/s
[   13.707758] raid6: sse2x4   xor()  7026 MB/s
[   13.715843] raid6: using algorithm sse2x4 gen() 8691 MB/s
[   13.724039] raid6: .... xor() 7026 MB/s, rmw enabled
[   13.731795] raid6: using ssse3x2 recovery algorithm
[   13.742433] xor: measuring software checksum speed
[   13.855869]    prefetch64-sse: 31195.000 MB/sec
[   13.971888]    generic_sse: 30239.000 MB/sec
[   13.979662] xor: using function: prefetch64-sse (31195.000 MB/sec)
[   13.992991] async_tx: api initialized (async)
[   14.069327] md: raid6 personality registered for level 6
[   14.078292] md: raid5 personality registered for level 5
[   14.086679] md: raid4 personality registered for level 4
[   14.127902] md: raid10 personality registered for level 10
done.
Begin: Running /scripts/init-premount ... done.
Begin: Mounting root file system ... Begin: Running /scripts/local-top ... done.
Begin: Running /scripts/local-premount ... [   14.427879] Btrfs loaded
Scanning for Btrfs filesystems
done.
Warning: fsck not present, so skipping root file system
[   14.533595] EXT4-fs (sda1): mounted filesystem with ordered data mode. Opts: (null)
done.
Begin: Running /scripts/local-bottom ... done.
Begin: Running /scripts/init-bottom ... done.
[   14.893437] systemd[1]: systemd 229 running in system mode. (+PAM +AUDIT +SELINUX +IMA +APPARMOR +SMACK +SYSVINIT +UTMP +LIBCRYPTSETUP +GCRYPT +GNUTLS +ACL +XZ -LZ4 +SECCOMP +BLKID +ELFUTILS +KMOD -IDN)
[   14.931490] systemd[1]: Detected virtualization oracle.
[   14.941417] systemd[1]: Detected architecture x86-64.

Welcome to [1mUbuntu 16.04.7 LTS[0m!

[   14.986597] systemd[1]: Set hostname to <ubuntu>.
[   15.005208] systemd[1]: Initializing machine ID from random generator.
[   15.014521] systemd[1]: Installed transient /etc/machine-id file.
[   15.081868] random: nonblocking pool is initialized
[   15.420916] systemd[1]: Set up automount Arbitrary Executable File Formats File System Automount Point.
[[0;32m  OK  [0m] Set up automount Arbitrary Executab...ats File System Automount Point.
[   15.446033] systemd[1]: Listening on fsck to fsckd communication Socket.
[[0;32m  OK  [0m] Listening on fsck to fsckd communication Socket.
[   15.470165] systemd[1]: Reached target Swap.
[[0;32m  OK  [0m] Reached target Swap.
[   15.487057] systemd[1]: Reached target User and Group Name Lookups.
[[0;32m  OK  [0m] Reached target User and Group Name Lookups.
[   15.508355] systemd[1]: Listening on LVM2 metadata daemon socket.
[[0;32m  OK  [0m] Listening on LVM2 metadata daemon socket.
[   15.530126] systemd[1]: Started Trigger resolvconf update for networkd DNS.
[[0;32m  OK  [0m] Started Trigger resolvconf update for networkd DNS.
[   15.578545] systemd[1]: Started Forward Password Requests to Wall Directory Watch.
[[0;32m  OK  [0m] Started Forward Password Requests to Wall Directory Watch.
[   15.637632] systemd[1]: Listening on Syslog Socket.
[[0;32m  OK  [0m] Listening on Syslog Socket.
[   15.665647] systemd[1]: Listening on Journal Socket (/dev/log).
[[0;32m  OK  [0m] Listening on Journal Socket (/dev/log).
[   15.687501] systemd[1]: Reached target Encrypted Volumes.
[[0;32m  OK  [0m] Reached target Encrypted Volumes.
[   15.706004] systemd[1]: Created slice System Slice.
[[0;32m  OK  [0m] Created slice System Slice.
[   15.727305] systemd[1]: Created slice system-serial\x2dgetty.slice.
[[0;32m  OK  [0m] Created slice system-serial\x2dgetty.slice.
[   15.751138] systemd[1]: Listening on LVM2 poll daemon socket.
[[0;32m  OK  [0m] Listening on LVM2 poll daemon socket.
[   15.772593] systemd[1]: Listening on udev Control Socket.
[[0;32m  OK  [0m] Listening on udev Control Socket.
[   15.795051] systemd[1]: Listening on Journal Audit Socket.
[[0;32m  OK  [0m] Listening on Journal Audit Socket.
[   15.821702] systemd[1]: Created slice User and Session Slice.
[[0;32m  OK  [0m] Created slice User and Session Slice.
[   15.844186] systemd[1]: Reached target Slices.
[[0;32m  OK  [0m] Reached target Slices.
[   15.863341] systemd[1]: Reached target System Time Synchronized.
[[0;32m  OK  [0m] Reached target System Time Synchronized.
[   15.885095] systemd[1]: Listening on Device-mapper event daemon FIFOs.
[[0;32m  OK  [0m] Listening on Device-mapper event daemon FIFOs.
[   15.907889] systemd[1]: Listening on /dev/initctl Compatibility Named Pipe.
[[0;32m  OK  [0m] Listening on /dev/initctl Compatibility Named Pipe.
[   15.935447] systemd[1]: Listening on Journal Socket.
[[0;32m  OK  [0m] Listening on Journal Socket.
[   15.958447] systemd[1]: Starting Nameserver information manager...
         Starting Nameserver information manager...
[   15.983428] systemd[1]: Mounting Debug File System...
         Mounting Debug File System...
[   16.006738] systemd[1]: Starting Set console keymap...
         Starting Set console keymap...
[   16.046402] systemd[1]: Mounting POSIX Message Queue File System...
         Mounting POSIX Message Queue File System...
[   16.101906] systemd[1]: Starting Load Kernel Modules...
         Starting Load Kernel Modules...
[   16.150394] systemd[1]: Mounting Huge Pages File System...
         Mounting Huge Pages File System...
[   16.213186] systemd[1]: Starting Journal Service...
         Starting Journal Service...
[   16.268289] systemd[1]: Starting Monitoring of LVM2 mirrors, snapshots etc. using dmeventd or progress polling...
         Starting Monitoring of LVM2 mirrors... dmeventd or progress polling...
[   16.326139] systemd[1]: Starting Create list of required static device nodes for the current kernel...
         Starting Create list of required st... nodes for the current kernel...[   16.381782] Loading iSCSI transport class v2.0-870.

[   16.392495] systemd[1]: Starting File System Check on Root Device...
         Starting File System Check on Root Device...
[   16.433232] systemd[1]: Starting Uncomplicated firewall...
         Starting Uncomplicated firewall...
[   16.479863] systemd[1]: Listening on udev Kernel Socket.
[[0;32m  OK  [0m] Listening on udev Kernel Socket.
[   16.526913] systemd[1]: Mounted Huge Pages File System.
[[0;32m  OK  [0m[   16.554700] iscsi: registered transport (tcp)
] Mounted Huge Pages File System.
[   16.569375] systemd[1]: Mounted POSIX Message Queue File System.
[[0;32m  OK  [0m] Mounted POSIX Message Queue File System.
[   16.633936] systemd[1]: Mounted Debug File System.
[[0;32m  OK  [0m] Mounted Debug File System.
[   16.676389] systemd[1]: Started Journal Service.
[[0;32m  OK  [0m] Started Journal Service.
[[0;32m  OK  [0m] Started Set console keymap.
[   16.753116] iscsi: registered transport (iser)
[[0;32m  OK  [0m] Started Create list of required sta...ce nodes for the current kernel.
[[0;32m  OK  [0m] Started Load Kernel Modules.
[[0;32m  OK  [0m] Started File System Check on Root Device.
[[0;32m  OK  [0m] Started Uncomplicated firewall.
[[0;32m  OK  [0m] Started Nameserver information manager.
[[0;32m  OK  [0m] Started File System Check Daemon to report status.
[[0;32m  OK  [0m] Started LVM2 metadata daemon.
         Starting Remount Root and Kernel File Systems...
         [   16.962196] EXT4-fs (sda1): re-mounted. Opts: (null)
Mounting FUSE Control File System...
         Starting Apply Kernel Variables...
         Starting Create Static Device Nodes in /dev...
[[0;32m  OK  [0m] Mounted FUSE Control File System.
[[0;32m  OK  [0m] Started Remount Root and Kernel File Systems.
[[0;32m  OK  [0m] Started Apply Kernel Variables.
[[0;32m  OK  [0m] Started Create Static Device Nodes in /dev.
         Starting udev Kernel Device Manager...
         Starting Load/Save Random Seed...
         Starting udev Coldplug all Devices...
         Starting Flush Journal to Persistent Storage...
[[0;32m  OK  [0m] Started Load/Save Random Seed.
[[0;32m  OK  [0m] Started Monitoring of LVM2 mirrors,...ng dmeventd or progress polling.
[[0;32m  OK  [0m] Started udev Kernel Device Manager.
[[0;32m  OK  [0m] Reached target Local File Systems (Pre).
[[0;32m  OK  [0m] Reached target Local File Systems.
         Starting Commit a transient machine-id on disk...
         Starting Initial cloud-init job (pre-networking)...
         Starting LSB: AppArmor initialization...
         Starting Set console font and keymap...
         Starting Tell Plymouth To Write Out Runtime Data...
[[0;32m  OK  [0m] Started Flush Journal to Persistent Storage.
[[0;32m  OK  [0m] Started Commit a transient machine-id on disk.
[[0;32m  OK  [0m] Started Tell Plymouth To Write Out Runtime Data.
         Starting Create Volatile Files and Directories...
[[0;32m  OK  [0m] Started Create Volatile Files and Directories.
         Starting Update UTMP about System Boot/Shutdown...
[[0;32m  OK  [0m] Started Update UTMP about System Boot/Shutdown.
[[0;32m  OK  [0m] Started udev Coldplug all Devices.
[[0;32m  OK  [0m] Started Dispatch Password Requests to Console Directory Watch.
[[0;32m  OK  [0m] Found device /dev/ttyS0.
[[0;32m  OK  [0m] Listening on Load/Save RF Kill Switch Status /dev/rfkill Watch.
[[0;32m  OK  [0m] Started LSB: AppArmor initialization.[   19.871805] cloud-init
[501]: Cloud-init v. 21.1-19-gbad84ad4-0ubuntu1~16.04.2 running 'init-local' at Mon, 20 May 2024 17:35:57 +0000. Up 18.82 seconds.
         Starting Load AppArmor profiles managed internally by snapd...
[[0;32m  OK  [0m] Started Initial cloud-init job (pre-networking).
[[0;32m  OK  [0m] Started Load AppArmor profiles managed internally by snapd.
[[0;32m  OK  [0m] Reached target Network (Pre).
         Starting Raise network interfaces...
[[0;32m  OK  [0m] Started Set console font and keymap.
[[0;32m  OK  [0m] Created slice system-getty.slice.
[[0;32m  OK  [0m] Started Raise network interfaces.
[[0;32m  OK  [0m] Reached target Network.
         Starting Initial cloud-init job (metadata service crawler)...
[   23.802208] cloud-init[978]: Cloud-init v. 21.1-19-gbad84ad4-0ubuntu1~16.04.2 running 'init' at Mon, 20 May 2024 17:36:01 +0000. Up 22.80 seconds.
[   23.846543] cloud-init[978]: ci-info: ++++++++++++++++++++++++++++++++++++++Net device info+++++++++++++++++++++++++++++++++++++++
[   23.921938] cloud-init[978]: ci-info: +--------+-------+----------------------------+---------------+--------+-------------------+
[   23.971028] cloud-init[978]: ci-info: | Device |   Up  |          Address           |      Mask     | Scope  |     Hw-Address    |[[0;32m  OK  [0m] 
[   23.997879] cloud-initStarted Initial cloud-init job (metadata service crawler).[978]: ci-info: +--------+-------+----------------------------+---------------+--------+-------------------+
[[0;32m  OK  [0m] Reached target System Initialization.
[   24.029950] 
cloud-init         Starting LXD - unix socket.[978]: ci-info: | enp0s3 |  True |         10.0.2.15          | 255.255.255.0 | global | 02:be:82:6b:cc:1d |
[[0;32m  OK  [0m] Started Ubuntu Advantage update messaging.

[   24.070526] cloud-init[[0;32m  OK  [0m[978]: ci-info: | enp0s3 |  True | fe80::be:82ff:fe6b:cc1d/64 |       .       |  link  | 02:be:82:6b:cc:1d |] Listening on D-Bus System Message Bus Socket.
[   24.098055] cloud-init
[978]: ci-info: | enp0s8 | False |             .              |       .       |   .    | 08:00:27:33:ee:df |[[0;32m  OK  [0m
[   24.119281] ] Started ACPI Events Check.cloud-init[978]: 
[[0;32m  OK  [0m] ci-info: |   lo   |  True |         127.0.0.1          |   255.0.0.0   |  host  |         .         |Reached target Paths.
[[0;32m  OK  [0m] 
[   24.159330] Listening on ACPID Listen Socket.cloud-init[978]: ci-info: |   lo   |  True |          ::1/128           |       .       |  host  |         .         |
         Starting Socket activation for snappy daemon.
[   24.185636] cloud-init
[[0;32m  OK  [0m[978]: ci-info: +--------+-------+----------------------------+---------------+--------+-------------------+] Listening on UUID daemon activation socket.

[   24.206738] [[0;32m  OK  [0mcloud-init[978]: ] Started Message of the Day.ci-info: +++++++++++++++++++++++++++Route IPv4 info++++++++++++++++++++++++++++
[[0;32m  OK  [0m
] Started Daily apt download activities.[   24.251235] cloud-init[978]: 
[[0;32m  OK  [0mci-info: +-------+-------------+----------+---------------+-----------+-------+] Started Daily apt upgrade and clean activities.
[[0;32m  OK  [0m
[   24.279603] cloud-init[978]: ci-info: | Route | Destination | Gateway  |    Genmask    | Interface | Flags |] Started Daily Cleanup of Temporary Directories.
[[0;32m  OK  [0m
[   24.299603] cloud-init[978]: ci-info: +-------+-------------+----------+---------------+-----------+-------+] Reached target Timers.
[[0;32m  OK  [0m] Reached target Cloud-config availability.
[   24.322855] cloud-init[978]: 
[[0;32m  OK  [0mci-info: |   0   |   0.0.0.0   | 10.0.2.2 |    0.0.0.0    |   enp0s3  |   UG  |] Reached target Network is Online.

         Starting iSCSI initiator daemon (iscsid)...
[[0;32m  OK  [0m] Listening on LXD - unix socket.[   24.374913] cloud-init
[[978]: [0;32m  OK  [0m] ci-info: |   1   |   10.0.2.0  | 0.0.0.0  | 255.255.255.0 |   enp0s3  |   U   |Listening on Socket activation for snappy daemon.
[
[0;32m  OK  [0m] Reached target Sockets.[   24.425735] cloud-init
[[0;32m  OK  [0m[978]: ] Reached target Basic System.ci-info: +-------+-------------+----------+---------------+-----------+-------+
[[0;32m  OK  [0m
[   24.454238] cloud-init] Started ACPI event daemon.[978]: ci-info: +++++++++++++++++++Route IPv6 info+++++++++++++++++++
         Starting Virtualbox guest utils...

[[0;32m  OK  [0m] Started Regular background program processing daemon.
         Starting Login Service...
         Starting System Logging Service...
         Starting Snap Daemon...
         Starting Accounts Service...
         Starting Pollinate to seed the pseudo random number generator...
[[0;32m  OK  [0m] Started Deferred execution scheduler.
         Starting /etc/rc.local Compatibility...
         Starting LXD - container startup/shutdown...
[[0;32m  OK  [0m] Started D-Bus System Message Bus.
[   24.877471] [[0;32m  OK  [0m] Started FUSE filesystem for LXC.
cloud-init         Starting LSB: MD monitoring daemon...
         Starting LSB: Record successful boot for GRUB...
[[0;32m  OK  [0m] Started System Logging Service.
[[0;32m  OK  [0m] Started /etc/rc.local Compatibility.[978]: 
[[0;32m  OK  [0m] Started Login Service.
[[0;32m  OK  [0m] Started Unattended Upgrades Shutdown.
[[0;32m  OK  [0m] Started iSCSI initiator daemon (iscsid).
         Starting Login to default iSCSI targets...
ci-info: +-------+-------------+---------+-----------+-------+         Starting Authenticate and Authorize Users to Run Privileged Tasks...

[   25.316537] cloud-init[[0;32m  OK  [0m] Started Login to default iSCSI targets.
[[0;32m  OK  [0m] Reached target Remote File Systems (Pre).
[[0;32m  OK  [0m] Reached target Remote File Systems.
         Starting LSB: daemon to balance interrupts for SMP systems...
         Starting LSB: Set the CPU Frequency Scaling governor to "ondemand"...
         Starting Permit User Sessions...[978]: 
         Starting LSB: automatic crash report generation...
[[0;32m  OK  [0m] Started LSB: MD monitoring daemon.
[ci-info: | Route | Destination | Gateway | Interface | Flags |[0;32m  OK  [0m] Started Permit User Sessions.
         Starting Terminate Plymouth Boot Screen...
         Starting Hold until boot process finishes up...
[[0;32m  OK  [0m] Started Terminate Plymouth Boot Screen.
[[0;32m  OK  [0m] Started Hold until boot process finishes up.
[[0;32m  OK  [0m] Started Serial Getty on ttyS0.
[[0;32m  OK  [0m] Started Getty on tty1.
[[0;32m  OK  [0m] Reached target Login Prompts.
         Starting Set console scheme...
[
[0;32m  OK  [0m] Started LSB: Record successful boot for GRUB.
[   25.922109] cloud-init[[0;32m  OK  [0m] Started LSB: Set the CPU Frequency Scaling governor to "ondemand".
[978]: ci-info: +-------+-------------+---------+-----------+-------+
[[0;32m  OK  [0m] Started Authenticate and Authorize Users to Run Privileged Tasks.
[[0;32m  OK  [0m] Started Accounts Service.
[   26.114678] [[0;32m  OK  [0m] Started Set console scheme.cloud-init
[978]: ci-info: |   0   |  fe80::/64  |    ::   |   enp0s3  |   U   |[[0;32m  OK  [0m
] Started LSB: daemon to balance interrupts for SMP systems.
[[0;32m  OK  [0m] Started LSB: automatic crash report generation.
[[0;32m  OK  [0m] Started LXD - container startup/shutdown.
[   26.655328] cloud-init[978]: ci-info: |   3   |   ff00::/8  |    ::   |   enp0s3  |   U   |
[   26.888798] cloud-init[978]: ci-info: +-------+-------------+---------+-----------+-------+
[   26.946361] cloud-init[978]: Generating public/private rsa key pair.
[   27.047663] cloud-init[978]: Your identification has been saved in /etc/ssh/ssh_host_rsa_key.
[   27.183611] cloud-init[978]: Your public key has been saved in /etc/ssh/ssh_host_rsa_key.pub.
[   27.280544] cloud-init[978]: The key fingerprint is:
[   27.361499] cloud-init[978]: [[0;32m  OK  [0m] Started Virtualbox guest utils.
SHA256:ju8kmVTNiliTA+DIUYnCwu/PpPljcwTD4M8YyZFmdVs root@ubuntu-xenial
[   27.444186] cloud-init[978]: The key's randomart image is:
[   27.471105] cloud-init[978]: +---[RSA 2048]----+
[   27.529650] cloud-init[978]: |o.+o=. . E       |
[   27.576495] cloud-init[978]: |+*.B ...oo       |
[   27.618037] cloud-init[978]: |+.B = =.. o      |
[   27.655685] cloud-init[978]: |   * * = .       |
[   27.696327] cloud-init[978]: |  . * = S        |
[   27.745164] cloud-init[978]: |   o = *         |
[   27.784357] cloud-init[978]: |    * * o        |
[   27.808872] cloud-init[[0;32m  OK  [0m] [978]: Started Snap Daemon.
         Starting Wait until snapd is fully seeded...|   o * =         |

[   27.881079] cloud-init[978]: |    o.+.o        |
[   27.927386] cloud-init[978]: +----[SHA256]-----+
[   27.977785] cloud-init[978]: Generating public/private dsa key pair.
[   28.012899] cloud-init[978]: Your identification has been saved in /etc/ssh/ssh_host_dsa_key.
[   28.066035] cloud-init[978]: Your public key has been saved in /etc/ssh/ssh_host_dsa_key.pub.
[   28.110514] cloud-init[978]: The key fingerprint is:
[   28.144528] cloud-init[978]: SHA256:4kWn5D/yjJs+DoJlbtjiLePq7K5O6orHw6EvIg7g/tY root@ubuntu-xenial
[   28.192278] cloud-init[978]: The key's randomart image is:
[   28.212590] cloud-init[978]: +---[DSA 1024]----+
[   28.231366] cloud-init[978]: |                 |
[   28.253975] cloud-init[978]: |                 |
[   28.276289] cloud-init[978]: |        o .      |
[   28.311436] cloud-init[978]: |       + o       |
[   28.336608] cloud-init[978]: |.   o . S        |
[   28.360874] cloud-init[978]: |o .B . o .       |
[   28.384381] cloud-init[978]: |.*+.* o . o      |
[   28.406088] cloud-init[978]: |%.B= E ..* .     |
[   28.431483] cloud-init[978]: |^/*=.  o*oo      |
[   28.461221] cloud-init[978]: +----[SHA256]-----+
[   28.485194] cloud-init[978]: Generating public/private ecdsa key pair.
[   28.513910] cloud-init[978]: Your identification has been saved in /etc/ssh/ssh_host_ecdsa_key.
[   28.571585] cloud-init[978]: Your public key has been saved in /etc/ssh/ssh_host_ecdsa_key.pub.
[   28.611394] cloud-init[978]: The key fingerprint is:
[   28.657314] cloud-init[978]: SHA256:P1HyHunWIHjTG3izyKsIFtpdPwZHQmGr3cUq8Cs0U5k root@ubuntu-xenial
[   28.700504] cloud-init[978]: The key's randomart image is:
[   28.750619] cloud-init[978]: +---[ECDSA 256]---+
[   28.788411] cloud-init[978]: |        +.       |
[   28.808754] cloud-init[978]: |       o + .     |
[   28.827567] cloud-init[978]: |      . E o +    |
[   28.860879] cloud-init[978]: |       * = O .   |
[   28.889682] cloud-init[978]: |    . = S X X    |
[   28.916598] cloud-init[978]: |   o + + X O O   |
[   28.958996] cloud-init[978]: |  . + o . O * .  |
[   29.009078] cloud-init[978]: |   . . o . =     |
[   29.041265] cloud-init[978]: |      . ...      |
[   29.052908] cloud-init[978]: +----[SHA256]-----+
[   29.079748] cloud-init[978]: Generating public/private ed25519 key pair.
[   29.106225] cloud-init[978]: Your identification has been saved in /etc/ssh/ssh_host_ed25519_key.
[   29.184414] cloud-init[978]: Your public key has been saved in /etc/ssh/ssh_host_ed25519_key.pub.
[   29.264366] cloud-init[978]: The key fingerprint is:
[   29.334616] cloud-init[978]: SHA256:c0tKfIm/XzLj/KVTDjtCXsCSatG7D0rK4m1IiYGoSpQ root@ubuntu-xenial
[   29.377506] cloud-init[978]: The key's randomart image is:
[   29.396444] cloud-init[978]: +--[ED25519 256]--+
[   29.428835] cloud-init[978]: |                 |
[   29.467025] cloud-init[978]: |                 |
[   29.499660] cloud-init[978]: |...      . o     |
[   29.526226] cloud-init[978]: |oE.    ...+.o    |
[   29.546860] cloud-init[978]: |o  o .  So=o .   |
[   29.569249] cloud-init[978]: |... o  .oB... o .|
[   29.587008] cloud-init[978]: |o  . . .o +++..=.|
[   29.745352] cloud-init[978]: |.   oo.o ..=o=+o.|
[   29.768294] cloud-init[978]: |   ..o+ . .o=ooo |
[   29.794691] cloud-init[978]: +----[SHA256]-----+

Ubuntu 16.04.7 LTS ubuntu-xenial ttyS0

ubuntu-xenial login: [   35.411000] cloud-init[1397]: Generating locales (this might take a while)...
[   39.767627] cloud-init[1397]:   en_US.UTF-8... done
[   39.804680] cloud-init[1397]: Generation complete.
[   41.290564] cloud-init[1397]: Cloud-init v. 21.1-19-gbad84ad4-0ubuntu1~16.04.2 running 'modules:config' at Mon, 20 May 2024 17:36:13 +0000. Up 34.91 seconds.
ci-info: no authorized SSH keys fingerprints found for user ubuntu.
<14>May 20 17:36:21 ec2: 
<14>May 20 17:36:21 ec2: #############################################################
<14>May 20 17:36:21 ec2: -----BEGIN SSH HOST KEY FINGERPRINTS-----
<14>May 20 17:36:21 ec2: 1024 SHA256:4kWn5D/yjJs+DoJlbtjiLePq7K5O6orHw6EvIg7g/tY root@ubuntu-xenial (DSA)
<14>May 20 17:36:21 ec2: 256 SHA256:P1HyHunWIHjTG3izyKsIFtpdPwZHQmGr3cUq8Cs0U5k root@ubuntu-xenial (ECDSA)
<14>May 20 17:36:21 ec2: 256 SHA256:c0tKfIm/XzLj/KVTDjtCXsCSatG7D0rK4m1IiYGoSpQ root@ubuntu-xenial (ED25519)
<14>May 20 17:36:21 ec2: 2048 SHA256:ju8kmVTNiliTA+DIUYnCwu/PpPljcwTD4M8YyZFmdVs root@ubuntu-xenial (RSA)
<14>May 20 17:36:21 ec2: -----END SSH HOST KEY FINGERPRINTS-----
<14>May 20 17:36:21 ec2: #############################################################
-----BEGIN SSH HOST KEY KEYS-----
ecdsa-sha2-nistp256 AAAAE2VjZHNhLXNoYTItbmlzdHAyNTYAAAAIbmlzdHAyNTYAAABBBEU7hO0Nkea4hINokdVrHr3z0+t6hmcv3X549dfa+mGUdVmPKc19W4wDiTv/UewI0MJn/QWpVAqqZwmPrvJApLU= root@ubuntu-xenial
ssh-ed25519 AAAAC3NzaC1lZDI1NTE5AAAAIGVL2WA+6f12nOGwrJfqaKnZE8nWOVxi8Zepd0BKoGnq root@ubuntu-xenial
ssh-rsa AAAAB3NzaC1yc2EAAAADAQABAAABAQDJ7WOmoKBtLFbmZ9DFifWz0JPkbHrXlX8sD6nkjCV/DDmCmjHs5GRkj9ynfHhu0HlEffW2lkjR928KTUIuDSlnFl/0a3y9P3ayDG395FFpTo/st7wgc2NLzbyIHG0NtayYRHIi3qma56mnzakBlJ6hX4k5EWXd0i1ybYLWm7g+zUw5pGKEhkfBBq0EHfVH9oqfb6MkZo1BMAUVr+9hWFoB1WOGYpH6cSKiOkp52L/HqPtn5a3TT1uUQubznofb5EI1DA5t/SwXB3rpeMtXD5qh7O6b1ijsFqWfuUWkhYzcGJ5hrSLxnPBtFKBEHc3CnNi+l8BRCsIH+sr6GC0MiA5d root@ubuntu-xenial
-----END SSH HOST KEY KEYS-----
[   42.878311] cloud-init[1567]: Cloud-init v. 21.1-19-gbad84ad4-0ubuntu1~16.04.2 running 'modules:final' at Mon, 20 May 2024 17:36:21 +0000. Up 42.17 seconds.
[   42.936047] cloud-init[1567]: ci-info: no authorized SSH keys fingerprints found for user ubuntu.
[   42.965520] cloud-init[1567]: Cloud-init v. 21.1-19-gbad84ad4-0ubuntu1~16.04.2 finished at Mon, 20 May 2024 17:36:21 +0000. Datasource DataSourceNoCloud [seed=/dev/sdb][dsmode=net].  Up 42.85 seconds
